[www.britishmuseum.org/index.html]
[backblue.gif]
[fade.gif]
[index.html]
[www.britishmuseum.org/themes/custom/numiko/favicon.ico]
[www.britishmuseum.org/sites/default/files/css/css_VsHlxZe888vVcIftkt15QWpKH3V1haCgHBdjKgYED9c431f.css]
[www.britishmuseum.org/sites/default/files/css/css_lvEgmbJHA0rzc5FQsSIF7NQYmrK5s6hYTgxP8ot6MYc9ccc.css]
[www.britishmuseum.org/sites/default/files/css/css_VpCEM3F-0hKPgm5WXV0rtDP5CZ6RXUx9YqaUGOvAUq0f3be.css]
[www.britishmuseum.org/sites/default/files/js/js_SLwwA2J3XCQ_1HHbqjZARtcKpH5ptrNw6AYNvCtkz0Ib83a.js]
[consent.cookiebot.com/uc.js]
[www.britishmuseum.org/themes/custom/numiko/favicon/apple-touch-icon.png]
[www.britishmuseum.org/themes/custom/numiko/favicon/favicon-48x48.png]
[www.britishmuseum.org/themes/custom/numiko/favicon/favicon-32x32.png]
[www.britishmuseum.org/themes/custom/numiko/favicon/favicon-16x16.png]
[www.britishmuseum.org/site.webmanifest]
[www.britishmuseum.org/themes/custom/numiko/favicon/safari-pinned-tab.svg]
[www.britishmuseum.org/themes/custom/numiko/dist/img/british-museum-logo.svg]
[www.britishmuseum.org/visit.e.delayed]
[www.britishmuseum.org/visit/family-visits]
[www.britishmuseum.org/visit/group-visits.10.delayed]
[www.britishmuseum.org/visit/audio-app.11.delayed]
[www.britishmuseum.org/visit/out-hours-tours.12.delayed]
[www.britishmuseum.org/visit/tours-and-talks.13.delayed]
[www.britishmuseum.org/visit/object-trails.14.delayed]
[www.britishmuseum.org/visit/accessibility-museum.15.delayed]
[www.britishmuseum.org/visit/food-and-drink.16.delayed]
[www.britishmuseum.org/visit/late-opening-on-fridays.17.delayed]
[www.britishmuseum.org/visit/museum-map.18.delayed]
[www.britishmuseum.org/exhibitions-events.19.delayed]
[www.britishmuseum.org/collection.html]
[www.britishmuseum.org/collection/galleries.1b.delayed]
[www.britishmuseum.org/blog]
[www.britishmuseum.org/the-british-museum-podcast.1d.delayed]
[www.britishmuseum.org/learn.1e.delayed]
[www.britishmuseum.org/learn/schools.1f.delayed]
[www.britishmuseum.org/learn/communities.20.delayed]
[www.britishmuseum.org/learn/adult-learning.21.delayed]
[www.britishmuseum.org/learn/young-people.22.delayed]
[www.britishmuseum.org/membership.23.delayed]
[www.britishmuseum.org/exhibitions-events.24a43f.delayed]
[www.britishmuseum.org/membership/young-friends.25.delayed]
[www.britishmuseum.org/membership/existing-members.26.delayed]
[www.britishmuseum.org/membership/visiting-as-a-member.27.delayed]
[www.britishmuseum.org/support-us.28.delayed]
[www.britishmuseum.org/support-us/donate.29.delayed]
[www.britishmuseum.org/support-us/corporate-support.2a.delayed]
[www.britishmuseum.org/support-us/patrons.2b.delayed]
[www.britishmuseum.org/support-us/supporter-case-studies.2c.delayed]
[www.britishmuseum.org/support-us/volunteer.2d.delayed]
[www.britishmuseum.org/support-us/existing-patrons.2e.delayed]
[www.britishmuseum.org/support-us/leave-legacy.2f.delayed]
[www.britishmuseum.org/support-us/american-friends-british-museum.30.delayed]
[www.britishmuseum.org/search.31.delayed]
[www.britishmuseum.org/sites/default/files/styles/1_1_media_small/public/2019-10/Great Court 04eb02.jpg]
[www.britishmuseum.org/about-us/british-museum-story/architecture/great-court.33.delayed]
[www.britishmuseum.org/exhibitions/bayeux-tapestry]
[www.britishmuseum.org/sites/default/files/styles/16_9_media_tiny/public/2026-02/Bayeux_Tapestry_teaser_1920x10804a5d.jpg]
[www.britishmuseum.org/exhibitions/hawaii-kingdom-crossing-oceans.36.delayed]
[www.britishmuseum.org/sites/default/files/styles/16_9_media_tiny/public/2025-09/Hawaii_teaser_1920x10806a01.jpg]
[www.britishmuseum.org/exhibitions/samurai]
[www.britishmuseum.org/sites/default/files/styles/16_9_media_tiny/public/2025-10/Samurai_teaser_2000x1160px05ed.jpg]
[www.britishmuseum.org/blog/zanj-rebellion-ancient-coin-reveals-fight-freedom.3a.delayed]
[www.britishmuseum.org/collection/animals/beatrix-potter-flopsy-bunnies-and-british-museum]
[www.britishmuseum.org/research.3c.delayed]
[www.britishmuseum.org/our-work/departments.3d.delayed]
[www.britishmuseum.org/our-work/national.3e.delayed]
[www.britishmuseum.org/our-work/international.3f.delayed]
[www.britishmuseum.org/collection/egypt.40.delayed]
[www.britishmuseum.org/sites/default/files/styles/large/public/2019-07/mummy_mask-teaseraa36.png]
[www.britishmuseum.org/collection/desire-love-and-identity.42.delayed]
[www.britishmuseum.org/sites/default/files/styles/large/public/2019-09/Untitled2e58.png]
[www.britishmuseum.org/collection/animals.44.delayed]
[www.britishmuseum.org/sites/default/files/styles/large/public/2019-09/southwark cat (1)59b6.png]
[www.britishmuseum.org/collection/americas.46.delayed]
[www.britishmuseum.org/sites/default/files/styles/large/public/2019-09/maize god cut out40d7.png]
[www.britishmuseum.org/collection/death-and-memory]
[www.britishmuseum.org/sites/default/files/styles/large/public/2019-09/01461427_001_TIF743a.png]
[www.britishmuseum.org/collection/africa.4a.delayed]
[www.britishmuseum.org/sites/default/files/styles/large/public/2019-07/African containers9c9e.png]
[www.britishmuseum.org/sites/default/files/styles/uncropped_huge/public/2019-10/Inspired by The British Museum5d82.jpg]
[www.britishmuseum.org/sites/default/files/styles/uncropped_huge/public/2020-08/Lewis-chessmen-shop_edit1d4e.jpg]
[www.britishmuseum.org/sites/default/files/styles/uncropped_huge/public/2020-08/Sutton-Hoo-Helmetfc4b.jpg]
[www.britishmuseum.org/sites/default/files/styles/uncropped_huge/public/2020-08/Coloursplash London Tea Towel_editdfd5.jpg]
[www.britishmuseum.org/sites/default/files/styles/uncropped_huge/public/2020-08/Japanese Cat Tea Cups_British Museum_edit4cb4.jpg]
[www.britishmuseum.org/sites/default/files/styles/uncropped_huge/public/2019-10/Inspired by Hokusai02c2.jpg]
[www.britishmuseum.org/sites/default/files/styles/uncropped_huge/public/2019-10/Inspired by Ancient Egypt18bb.jpg]
[www.britishmuseum.org/about-us]
[www.britishmuseum.org/about-us/governance]
[www.britishmuseum.org/about-us/british-museum-story.55.delayed]
[www.britishmuseum.org/about-us/jobs.56.delayed]
[www.britishmuseum.org/about-us/press.57.delayed]
[www.britishmuseum.org/about-us/contact-us.58.delayed]
[www.britishmuseum.org/commercial.59.delayed]
[www.britishmuseum.org/commercial/venue-hire.5a.delayed]
[www.britishmuseum.org/commercial/filming.5b.delayed]
[www.britishmuseum.org/commercial/licensing.5c.delayed]
[www.britishmuseum.org/commercial/publishing.5d.delayed]
[www.britishmuseum.org/commercial/travel-trade-tours.5e.delayed]
[www.britishmuseum.org/our-work.5f.delayed]
[www.britishmuseum.org/our-work/how-borrow-british-museum-objects.60.delayed]
[www.britishmuseum.org/research/projects.61.delayed]
[www.britishmuseum.org/research/british-museum-publications.62.delayed]
[www.britishmuseum.org/scientific-study-british-museum-collection.63.delayed]
[www.britishmuseum.org/resources.64.delayed]
[www.britishmuseum.org/resources/study-rooms.65.delayed]
[www.britishmuseum.org/resources/library-and-archive.66.delayed]
[www.britishmuseum.org/privacy-policy.67.delayed]
[www.britishmuseum.org/cookies.68.delayed]
[www.britishmuseum.org/accessibility-statement.69.delayed]
[www.britishmuseum.org/terms-use.6a.delayed]
[www.britishmuseum.org/modern-slavery-act-transparency-statement.6b.delayed]
[www.britishmuseum.org/core/assets/vendor/jquery/jquery.mind734.js]
[www.britishmuseum.org/core/misc/drupalSettingsLoader3577.js]
[www.britishmuseum.org/core/misc/drupal3577.js]
[www.britishmuseum.org/core/misc/drupal.init3577.js]
[www.britishmuseum.org/sites/default/files/js/js_w2aaPLg7VCf9E_8k7uvKb4G1njLsMoglf5L9qZlAMhMd1eb.js]
[www.britishmuseum.org/index.html]
[www.britishmuseum.org/sites/default/files/css/css_VsHlxZe888vVcIftkt15QWpKH3V1haCgHBdjKgYED9c431f.css]
[www.britishmuseum.org/cdn-cgi/challenge-platform/h/g/scripts/jsd/ea2d291c0fdc/maind41d.js]
[www.britishmuseum.org/themes/custom/numiko/dist/img/default-skin.png]
[www.britishmuseum.org/themes/custom/numiko/dist/img/default-skin.svg]
[www.britishmuseum.org/themes/custom/numiko/dist/img/preloader.gif]
[www.britishmuseum.org/themes/custom/numiko/dist/font/6ec9f4d567808508ff88.woff2]
[www.britishmuseum.org/themes/custom/numiko/dist/font/4898bd6551dd41b65e6b.woff]
[www.britishmuseum.org/themes/custom/numiko/dist/font/30be5afa71f98fd86158.woff2]
[www.britishmuseum.org/themes/custom/numiko/dist/font/12db0bfade25589dd87d.woff]
[www.britishmuseum.org/themes/custom/numiko/dist/font/c299e7cc33987d1c5420.woff2]
[www.britishmuseum.org/themes/custom/numiko/dist/font/153d62a96ced03851de0.woff]
[www.britishmuseum.org/themes/custom/numiko/dist/font/8c8dc9f0a3e715e56a34.woff2]
[www.britishmuseum.org/themes/custom/numiko/dist/font/1755e86ffdd0e1b4e2b3.woff]
[www.britishmuseum.org/themes/custom/numiko/dist/font/ab577030dcc455aa61ab.woff2]
[www.britishmuseum.org/themes/custom/numiko/dist/font/ced3465ff150b9c24b63.woff]
[www.britishmuseum.org/themes/custom/numiko/dist/img/icon-chevron.svg]
[www.britishmuseum.org/themes/custom/numiko/dist/img/icon-tick.svg]
[www.britishmuseum.org/themes/custom/numiko/dist/img/icon-cross.svg]
[www.britishmuseum.org/themes/custom/numiko/dist/img/icon-chevron-black.svg]
[www.britishmuseum.org/themes/custom/numiko/dist/img/icon-chevron-white.svg]
[www.britishmuseum.org/themes/custom/numiko/dist/img/icon-star-white.svg]
[www.britishmuseum.org/themes/custom/numiko/dist/img/icon-star-black.svg]
[www.britishmuseum.org/themes/custom/numiko/dist/img/icon-chevron-unboxed.svg]
[www.britishmuseum.org/sites/default/files/css/css_lvEgmbJHA0rzc5FQsSIF7NQYmrK5s6hYTgxP8ot6MYc9ccc.css]
[www.britishmuseum.org/sites/default/files/css/css_VpCEM3F-0hKPgm5WXV0rtDP5CZ6RXUx9YqaUGOvAUq0f3be.css]
[www.googletagmanager.com/gtm5445.html]
[www.britishmuseum.org/site.html]
[www.britishmuseum.org/themes/custom/numiko/favicon/safari-pinned-tab.svg]
[www.britishmuseum.org/themes/custom/numiko/dist/img/british-museum-logo.svg]
[www.britishmuseum.org/visit.html]
[www.britishmuseum.org/visit/family-visits.html]
[www.britishmuseum.org/visit/group-visits.html]
[www.britishmuseum.org/visit/audio-app.html]
[www.britishmuseum.org/visit/out-hours-tours.html]
[www.britishmuseum.org/visit/tours-and-talks.html]
[www.britishmuseum.org/visit/object-trails.html]
[www.britishmuseum.org/visit/accessibility-museum.html]
[www.britishmuseum.org/visit/food-and-drink.html]
[www.britishmuseum.org/visit/late-opening-on-fridays.html]
[www.britishmuseum.org/visit/museum-map.html]
[www.britishmuseum.org/exhibitions-events.html]
[www.britishmuseum.org/themes/custom/numiko/dist/img/icon-chevron-double-unboxed.svg]
[www.britishmuseum.org/sites/default/files/styles/uncropped_large/public/2021-02/sutton-hoo-helmet-1920ff95.jpg]
[www.britishmuseum.org/sites/default/files/styles/1_1_media_small/public/2020-04/bandrosettastone0b49.jpg]
[www.britishmuseum.org/_/collection/collection-online/guide/_]
[www.britishmuseum.org/collection/collection-online/guide]
[www.britishmuseum.org/cdn-cgi/l/email-protection.8d.delayed]
[www.britishmuseum.org/about-us/british-museum-story/collecting-histories]
[www.britishmuseum.org/collection/object/W_1928-1009-378.8f.delayed]
[www.britishmuseum.org/collection/object/E_Af1979-01-3156.90.delayed]
[www.britishmuseum.org/collection/china.91.delayed]
[www.britishmuseum.org/sites/default/files/styles/uncropped_huge/public/2019-10/coffin-priest-hornedjitef-thebes-mummies-british-museum.jpg]
[www.britishmuseum.org/collection/object/Y_EA6678.93.delayed]
[www.britishmuseum.org/sites/default/files/styles/uncropped_huge/public/2019-10/Brass head with a beaded crown and plume, Ife, Nigeria.jpg]
[www.britishmuseum.org/collection/object/E_Af1939-34-1.95.delayed]
[www.britishmuseum.org/sites/default/files/styles/uncropped_huge/public/2019-10/goddess-tara-south-asia-buddhism-british-museum.jpg]
[www.britishmuseum.org/collection/object/A_1830-0612-4.97.delayed]
[www.britishmuseum.org/sites/default/files/styles/uncropped_huge/public/2019-11/Raphael.jpg]
[www.britishmuseum.org/collection/object/P_1894-0721-1.99.delayed]
[www.britishmuseum.org/sites/default/files/styles/uncropped_huge/public/2019-10/lewis-chessmen-carved-scotland-british-museum.jpg]
[www.britishmuseum.org/collection/searche81d]
[www.britishmuseum.org/sites/default/files/styles/uncropped_huge/public/2019-10/west-papua-asmat-sheild-british-musuem.jpg]
[www.britishmuseum.org/collection/object/E_Oc1969-13-78.9d.delayed]
[www.britishmuseum.org/collection/object/G_1849-0518-10]
[www.britishmuseum.org/sites/default/files/styles/uncropped_huge/public/2019-09/Achilles defeating Penthesilea, the Amazon Queen. Black-figured amphora (wine-jar) signed by Exekias. Athens, Attica, Greece. c]
[www.britishmuseum.org/sites/default/files/styles/uncropped_huge/public/2019-10/lycurgus-cup-rome-british-museum.jpg]
[www.britishmuseum.org/collection/object/H_1958-1202-1.a1.delayed]
[www.britishmuseum.org/about-us/british-museum-story/people-behind-collection]
[www.britishmuseum.org/collection.html]
[www.britishmuseum.org/collection/galleries.html]
[www.britishmuseum.org/blog.html]
[www.britishmuseum.org/the-british-museum-podcast.html]
[www.britishmuseum.org/learn.html]
[www.britishmuseum.org/learn/schools.html]
[www.britishmuseum.org/learn/communities.html]
[www.britishmuseum.org/learn/adult-learning.html]
[www.britishmuseum.org/learn/young-people.html]
[www.britishmuseum.org/membership.html]
[www.britishmuseum.org/exhibitions-eventsa43f.html]
[www.britishmuseum.org/membership/young-friends.html]
[www.britishmuseum.org/membership/existing-members.html]
[www.britishmuseum.org/membership/visiting-as-a-member.html]
[www.britishmuseum.org/support-us.html]
[www.britishmuseum.org/support-us/donate.html]
[www.britishmuseum.org/support-us/corporate-support.html]
[www.britishmuseum.org/support-us/patrons.html]
[www.britishmuseum.org/support-us/supporter-case-studies.html]
[www.britishmuseum.org/support-us/volunteer.html]
[www.britishmuseum.org/support-us/existing-patrons.html]
[www.britishmuseum.org/support-us/leave-legacy.html]
[www.britishmuseum.org/support-us/american-friends-british-museum.html]
[www.britishmuseum.org/search.html]
[www.britishmuseum.org/about-us/british-museum-story/architecture/great-court.html]
[www.britishmuseum.org/exhibitions/bayeux-tapestry.html]
[www.britishmuseum.org/exhibitions/hawaii-kingdom-crossing-oceans.html]
[www.britishmuseum.org/exhibitions/samurai.html]
[www.britishmuseum.org/blog/zanj-rebellion-ancient-coin-reveals-fight-freedom.html]
[www.britishmuseum.org/collection/animals/beatrix-potter-flopsy-bunnies-and-british-museum.html]
[www.britishmuseum.org/research.html]
[www.britishmuseum.org/our-work/departments.html]
[www.britishmuseum.org/our-work/national.html]
[www.britishmuseum.org/our-work/international.html]
[www.britishmuseum.org/collection/egypt.html]
[www.britishmuseum.org/collection/desire-love-and-identity.html]
[www.britishmuseum.org/collection/animals.html]
[www.britishmuseum.org/collection/americas.html]
[www.britishmuseum.org/collection/death-and-memory.html]
[www.britishmuseum.org/collection/africa.html]
[www.britishmuseum.org/about-us.html]
[www.britishmuseum.org/about-us/governance.html]
[www.britishmuseum.org/about-us/british-museum-story.html]
[www.britishmuseum.org/about-us/jobs.html]
[www.britishmuseum.org/about-us/press.html]
[www.britishmuseum.org/about-us/contact-us.html]
[www.britishmuseum.org/commercial.html]
[www.britishmuseum.org/commercial/venue-hire.html]
[www.britishmuseum.org/commercial/filming.html]
[www.britishmuseum.org/commercial/licensing.html]
[www.britishmuseum.org/commercial/publishing.html]
[www.britishmuseum.org/commercial/travel-trade-tours.html]
[www.britishmuseum.org/our-work.html]
[www.britishmuseum.org/our-work/how-borrow-british-museum-objects.html]
[www.britishmuseum.org/research/projects.html]
[www.britishmuseum.org/research/british-museum-publications.html]
[www.britishmuseum.org/scientific-study-british-museum-collection.html]
[www.britishmuseum.org/resources.html]
[www.britishmuseum.org/resources/study-rooms.html]
[www.britishmuseum.org/resources/library-and-archive.html]
[www.britishmuseum.org/privacy-policy.html]
[www.britishmuseum.org/cookies.html]
[www.britishmuseum.org/accessibility-statement.html]
[www.britishmuseum.org/terms-use.html]
[www.britishmuseum.org/modern-slavery-act-transparency-statement.html]
[www.britishmuseum.org/themes/custom/numiko/dist/img/default-skin.svg]
[www.britishmuseum.org/themes/custom/numiko/dist/img/icon-chevron.svg]
[www.britishmuseum.org/themes/custom/numiko/dist/img/icon-tick.svg]
[www.britishmuseum.org/themes/custom/numiko/dist/img/icon-cross.svg]
[www.britishmuseum.org/themes/custom/numiko/dist/img/icon-chevron-black.svg]
[www.britishmuseum.org/themes/custom/numiko/dist/img/icon-chevron-white.svg]
[www.britishmuseum.org/themes/custom/numiko/dist/img/icon-star-white.svg]
[www.britishmuseum.org/themes/custom/numiko/dist/img/icon-star-black.svg]
[www.britishmuseum.org/themes/custom/numiko/dist/img/icon-chevron-unboxed.svg]
[www.britishmuseum.org/themes/custom/numiko/dist/img/icon-chevron-double-unboxed.svg]
[www.britishmuseum.org/_/collection/collection-online/guide/_.html]
[www.britishmuseum.org/collection/collection-online/guide.html]
[www.britishmuseum.org/cdn-cgi/l/email-protection.html]
[www.britishmuseum.org/about-us/british-museum-story/collecting-histories.html]
[www.britishmuseum.org/collection/object/W_1928-1009-378.html]
[www.britishmuseum.org/collection/object/E_Af1979-01-3156.html]
[www.britishmuseum.org/collection/china.html]
[www.britishmuseum.org/collection/object/Y_EA6678.html]
[www.britishmuseum.org/collection/object/E_Af1939-34-1.html]
[www.britishmuseum.org/collection/object/A_1830-0612-4.html]
[www.britishmuseum.org/collection/object/P_1894-0721-1.html]
[www.britishmuseum.org/collection/searche81d.html]
[www.britishmuseum.org/collection/object/E_Oc1969-13-78.html]
[www.britishmuseum.org/collection/object/G_1849-0518-10.html]
[www.britishmuseum.org/collection/object/H_1958-1202-1.html]
[www.britishmuseum.org/about-us/british-museum-story/people-behind-collection.html]
[www.britishmuseum.org/cdn-cgi/scripts/5c5dd728/cloudflare-static/email-decode.min.js]
